Known pipe types:
  wglGraphicsPipe
(3 aux display modules not yet loaded.)
:display(warning): FrameBufferProperties available less than requested.
  requested: depth_bits=1 color_bits=3 red_bits=1 green_bits=1 blue_bits=1 alpha_bits=1 multisamples=2 back_buffers=1 force_hardware 
  got: depth_bits=24 color_bits=24 red_bits=8 green_bits=8 blue_bits=8 alpha_bits=8 stencil_bits=8 force_hardware 
:prc(warning): changing default value for ConfigVariable paste-emit-keystrokes from '1' to '0'.
:pnmimage:png(warning): iCCP: known incorrect sRGB profile
Traceback (most recent call last):
info: Using primary monitor: Monitor(x=0, y=0, width=2560, height=1440, width_mm=None, height_mm=None, name=None, is_primary=True)
set window position: Vec2(640, 360)
package_folder: C:\Users\lamuness\Desktop\game\.venv\Lib\site-packages\ursina
asset_folder: C:\Users\lamuness\Desktop\game\assets
  File "C:\Users\lamuness\Desktop\game\tools\engine_probe.py", line 110, in <module>
    args=parser.parse_args();run(tuple(map(int,args.size.split('x'))),args.output,not args.onscreen,args.scenario)
                             ^^^^^^^^^^^^^^^^^^^^^^^^^^^^^^^^^^^^^^^^^^^^^^^^^^^^^^^^^^^^^^^^^^^^^^^^^^^^^^^^^^^^^
  File "C:\Users\lamuness\Desktop\game\tools\engine_probe.py", line 51, in run
    c.store_select(category);shot('store-'+category)
    ^^^^^^^^^^^^^^^^^^^^^^^^
  File "C:\Users\lamuness\Desktop\game\air_defense\main.py", line 103, in store_select
    self.route('store')
  File "C:\Users\lamuness\Desktop\game\air_defense\main.py", line 53, in route
    self.ui.show(name)
  File "C:\Users\lamuness\Desktop\game\air_defense\ui.py", line 124, in show
    getattr(self,'show_'+self.route,self.show_profile_menu)()
  File "C:\Users\lamuness\Desktop\game\air_defense\ui.py", line 224, in show_store
    self.thumbnail(c.store_category,item.id,x+.16,y+.005,.045)
  File "C:\Users\lamuness\Desktop\game\air_defense\ui.py", line 202, in thumbnail
    texture=thumbnail_texture(kind,key,appearance,self.controller.settings.quality)
            ^^^^^^^^^^^^^^^^^^^^^^^^^^^^^^^^^^^^^^^^^^^^^^^^^^^^^^^^^^^^^^^^^^^^^^^
  File "C:\Users\lamuness\Desktop\game\air_defense\models.py", line 115, in thumbnail_texture
    cam.setPos(0,.1,-5);cam.lookAt(0,.1,0,Vec3(0,1,0))
                        ^^^^^^^^^^^^^^^^^^^^^^^^^^^^^^
TypeError: must be real number, not panda3d.core.LVector3f
