Known pipe types:
  wglGraphicsPipe
(3 aux display modules not yet loaded.)
:prc(warning): changing default value for ConfigVariable paste-emit-keystrokes from '1' to '0'.
:pnmimage:png(warning): iCCP: known incorrect sRGB profile
:display:windisplay(warning): Could not find icon filename textures/ursina.ico
:display:windisplay(warning): Could not find icon filename textures/ursina.ico
:display:windisplay(warning): Could not find icon filename textures/ursina.ico
:display:windisplay(warning): Could not find icon filename textures/ursina.ico
:display:windisplay(warning): Could not find icon filename textures/ursina.ico
info: Using primary monitor: Monitor(x=0, y=0, width=2560, height=1440, width_mm=699, height_mm=393, name='\\\\.\\DISPLAY3', is_primary=True)
set window position: Vec2(640, 360)
package_folder: C:\Users\lamuness\Desktop\game\.venv\Lib\site-packages\ursina
asset_folder: C:\Users\lamuness\Desktop\game\assets
os: Windows
python version: 3.12.13 (main, Jun 23 2026, 15:23:43) [MSC v.1944 64 bit (AMD64)]
ursina version: 8.3.0
development mode: False
application successfully started
info: changed aspect ratio: 1.778 -> 1.778
